[2025-11-20T13:17:05.282+0000][gc,init] CardTable entry size: 512
[2025-11-20T13:17:05.282+0000][gc     ] Using G1
[2025-11-20T13:17:05.288+0000][gc,init] Version: 21.0.8+9-Ubuntu-0ubuntu124.04.1 (release)
[2025-11-20T13:17:05.288+0000][gc,init] CPUs: 128 total, 4 available
[2025-11-20T13:17:05.288+0000][gc,init] Memory: 7893M
[2025-11-20T13:17:05.288+0000][gc,init] Large Page Support: Disabled
[2025-11-20T13:17:05.288+0000][gc,init] NUMA Support: Disabled
[2025-11-20T13:17:05.288+0000][gc,init] Compressed Oops: Enabled (32-bit)
[2025-11-20T13:17:05.288+0000][gc,init] Heap Region Size: 1M
[2025-11-20T13:17:05.288+0000][gc,init] Heap Min Capacity: 1G
[2025-11-20T13:17:05.288+0000][gc,init] Heap Initial Capacity: 1G
[2025-11-20T13:17:05.288+0000][gc,init] Heap Max Capacity: 1G
[2025-11-20T13:17:05.288+0000][gc,init] Pre-touch: Disabled
[2025-11-20T13:17:05.288+0000][gc,init] Parallel Workers: 4
[2025-11-20T13:17:05.288+0000][gc,init] Concurrent Workers: 1
[2025-11-20T13:17:05.288+0000][gc,init] Concurrent Refinement Workers: 4
[2025-11-20T13:17:05.288+0000][gc,init] Periodic GC: Disabled
[2025-11-20T13:17:05.293+0000][gc,metaspace] CDS archive(s) mapped at: [0x0000751bdb000000-0x0000751bdbca0000-0x0000751bdbca0000), size 13238272, SharedBaseAddress: 0x0000751bdb000000, ArchiveRelocationMode: 1.
[2025-11-20T13:17:05.293+0000][gc,metaspace] Compressed class space mapped at: 0x0000751bdc000000-0x0000751c1c000000, reserved size: 1073741824
[2025-11-20T13:17:05.293+0000][gc,metaspace] Narrow klass base: 0x0000751bdb000000, Narrow klass shift: 0, Narrow klass range: 0x100000000
[2025-11-20T13:17:05.985+0000][gc,start    ] GC(0) Pause Young (Normal) (G1 Evacuation Pause)
[2025-11-20T13:17:05.985+0000][gc,task     ] GC(0) Using 4 workers of 4 for evacuation
[2025-11-20T13:17:05.991+0000][gc,phases   ] GC(0)   Pre Evacuate Collection Set: 0.2ms
[2025-11-20T13:17:05.991+0000][gc,phases   ] GC(0)   Merge Heap Roots: 0.1ms
[2025-11-20T13:17:05.991+0000][gc,phases   ] GC(0)   Evacuate Collection Set: 4.1ms
[2025-11-20T13:17:05.991+0000][gc,phases   ] GC(0)   Post Evacuate Collection Set: 0.8ms
[2025-11-20T13:17:05.991+0000][gc,phases   ] GC(0)   Other: 0.5ms
[2025-11-20T13:17:05.991+0000][gc,heap     ] GC(0) Eden regions: 51->0(44)
[2025-11-20T13:17:05.991+0000][gc,heap     ] GC(0) Survivor regions: 0->7(7)
[2025-11-20T13:17:05.991+0000][gc,heap     ] GC(0) Old regions: 2->4
[2025-11-20T13:17:05.991+0000][gc,heap     ] GC(0) Humongous regions: 0->0
[2025-11-20T13:17:05.991+0000][gc,metaspace] GC(0) Metaspace: 17647K(17856K)->17647K(17856K) NonClass: 15666K(15744K)->15666K(15744K) Class: 1980K(2112K)->1980K(2112K)
[2025-11-20T13:17:05.991+0000][gc          ] GC(0) Pause Young (Normal) (G1 Evacuation Pause) 52M->9M(1024M) 5.814ms
[2025-11-20T13:17:05.991+0000][gc,cpu      ] GC(0) User=0.00s Sys=0.01s Real=0.00s
[2025-11-20T13:17:06.078+0000][gc,start    ] GC(1) Pause Young (Concurrent Start) (Metadata GC Threshold)
[2025-11-20T13:17:06.078+0000][gc,task     ] GC(1) Using 4 workers of 4 for evacuation
[2025-11-20T13:17:06.083+0000][gc,phases   ] GC(1)   Pre Evacuate Collection Set: 0.3ms
[2025-11-20T13:17:06.083+0000][gc,phases   ] GC(1)   Merge Heap Roots: 0.0ms
[2025-11-20T13:17:06.083+0000][gc,phases   ] GC(1)   Evacuate Collection Set: 4.1ms
[2025-11-20T13:17:06.083+0000][gc,phases   ] GC(1)   Post Evacuate Collection Set: 0.4ms
[2025-11-20T13:17:06.083+0000][gc,phases   ] GC(1)   Other: 0.1ms
[2025-11-20T13:17:06.083+0000][gc,heap     ] GC(1) Eden regions: 13->0(50)
[2025-11-20T13:17:06.083+0000][gc,heap     ] GC(1) Survivor regions: 7->1(7)
[2025-11-20T13:17:06.083+0000][gc,heap     ] GC(1) Old regions: 4->11
[2025-11-20T13:17:06.083+0000][gc,heap     ] GC(1) Humongous regions: 0->0
[2025-11-20T13:17:06.083+0000][gc,metaspace] GC(1) Metaspace: 21290K(21504K)->21290K(21504K) NonClass: 19029K(19136K)->19029K(19136K) Class: 2260K(2368K)->2260K(2368K)
[2025-11-20T13:17:06.083+0000][gc          ] GC(1) Pause Young (Concurrent Start) (Metadata GC Threshold) 21M->10M(1024M) 5.079ms
[2025-11-20T13:17:06.083+0000][gc,cpu      ] GC(1) User=0.02s Sys=0.01s Real=0.00s
[2025-11-20T13:17:06.083+0000][gc          ] GC(2) Concurrent Mark Cycle
[2025-11-20T13:17:06.083+0000][gc,marking  ] GC(2) Concurrent Scan Root Regions
[2025-11-20T13:17:06.085+0000][gc,marking  ] GC(2) Concurrent Scan Root Regions 2.510ms
[2025-11-20T13:17:06.085+0000][gc,marking  ] GC(2) Concurrent Mark
[2025-11-20T13:17:06.085+0000][gc,marking  ] GC(2) Concurrent Mark From Roots
[2025-11-20T13:17:06.085+0000][gc,task     ] GC(2) Using 1 workers of 1 for marking
[2025-11-20T13:17:06.088+0000][gc,marking  ] GC(2) Concurrent Mark From Roots 3.088ms
[2025-11-20T13:17:06.088+0000][gc,marking  ] GC(2) Concurrent Preclean
[2025-11-20T13:17:06.088+0000][gc,marking  ] GC(2) Concurrent Preclean 0.006ms
[2025-11-20T13:17:06.088+0000][gc,start    ] GC(2) Pause Remark
[2025-11-20T13:17:06.090+0000][gc          ] GC(2) Pause Remark 11M->11M(1024M) 1.751ms
[2025-11-20T13:17:06.090+0000][gc,cpu      ] GC(2) User=0.01s Sys=0.00s Real=0.00s
[2025-11-20T13:17:06.090+0000][gc,marking  ] GC(2) Concurrent Mark 4.992ms
[2025-11-20T13:17:06.090+0000][gc,marking  ] GC(2) Concurrent Rebuild Remembered Sets and Scrub Regions
[2025-11-20T13:17:06.095+0000][gc,marking  ] GC(2) Concurrent Rebuild Remembered Sets and Scrub Regions 4.857ms
[2025-11-20T13:17:06.095+0000][gc,start    ] GC(2) Pause Cleanup
[2025-11-20T13:17:06.096+0000][gc          ] GC(2) Pause Cleanup 11M->11M(1024M) 0.138ms
[2025-11-20T13:17:06.096+0000][gc,cpu      ] GC(2) User=0.00s Sys=0.00s Real=0.00s
[2025-11-20T13:17:06.096+0000][gc,marking  ] GC(2) Concurrent Clear Claimed Marks
[2025-11-20T13:17:06.096+0000][gc,marking  ] GC(2) Concurrent Clear Claimed Marks 0.016ms
[2025-11-20T13:17:06.096+0000][gc,marking  ] GC(2) Concurrent Cleanup for Next Mark
[2025-11-20T13:17:06.104+0000][gc,marking  ] GC(2) Concurrent Cleanup for Next Mark 8.543ms
[2025-11-20T13:17:06.104+0000][gc          ] GC(2) Concurrent Mark Cycle 21.453ms
[2025-11-20T13:17:06.548+0000][gc,start    ] GC(3) Pause Young (Prepare Mixed) (G1 Evacuation Pause)
[2025-11-20T13:17:06.548+0000][gc,task     ] GC(3) Using 4 workers of 4 for evacuation
[2025-11-20T13:17:06.552+0000][gc,phases   ] GC(3)   Pre Evacuate Collection Set: 0.2ms
[2025-11-20T13:17:06.552+0000][gc,phases   ] GC(3)   Merge Heap Roots: 0.1ms
[2025-11-20T13:17:06.552+0000][gc,phases   ] GC(3)   Evacuate Collection Set: 2.8ms
[2025-11-20T13:17:06.552+0000][gc,phases   ] GC(3)   Post Evacuate Collection Set: 0.7ms
[2025-11-20T13:17:06.552+0000][gc,phases   ] GC(3)   Other: 0.1ms
[2025-11-20T13:17:06.552+0000][gc,heap     ] GC(3) Eden regions: 50->0(47)
[2025-11-20T13:17:06.552+0000][gc,heap     ] GC(3) Survivor regions: 1->4(7)
[2025-11-20T13:17:06.552+0000][gc,heap     ] GC(3) Old regions: 11->11
[2025-11-20T13:17:06.552+0000][gc,heap     ] GC(3) Humongous regions: 9->9
[2025-11-20T13:17:06.552+0000][gc,metaspace] GC(3) Metaspace: 32485K(32832K)->32485K(32832K) NonClass: 28841K(29056K)->28841K(29056K) Class: 3644K(3776K)->3644K(3776K)
[2025-11-20T13:17:06.552+0000][gc          ] GC(3) Pause Young (Prepare Mixed) (G1 Evacuation Pause) 69M->22M(1024M) 4.028ms
[2025-11-20T13:17:06.552+0000][gc,cpu      ] GC(3) User=0.01s Sys=0.00s Real=0.00s
[2025-11-20T13:17:06.697+0000][gc,start    ] GC(4) Pause Young (Mixed) (Metadata GC Threshold)
[2025-11-20T13:17:06.698+0000][gc,task     ] GC(4) Using 4 workers of 4 for evacuation
[2025-11-20T13:17:06.703+0000][gc,phases   ] GC(4)   Pre Evacuate Collection Set: 0.2ms
[2025-11-20T13:17:06.703+0000][gc,phases   ] GC(4)   Merge Heap Roots: 0.1ms
[2025-11-20T13:17:06.703+0000][gc,phases   ] GC(4)   Evacuate Collection Set: 3.8ms
[2025-11-20T13:17:06.703+0000][gc,phases   ] GC(4)   Post Evacuate Collection Set: 1.4ms
[2025-11-20T13:17:06.703+0000][gc,phases   ] GC(4)   Other: 0.1ms
[2025-11-20T13:17:06.703+0000][gc,heap     ] GC(4) Eden regions: 22->0(44)
[2025-11-20T13:17:06.703+0000][gc,heap     ] GC(4) Survivor regions: 4->7(7)
[2025-11-20T13:17:06.703+0000][gc,heap     ] GC(4) Old regions: 11->11
[2025-11-20T13:17:06.703+0000][gc,heap     ] GC(4) Humongous regions: 9->9
[2025-11-20T13:17:06.703+0000][gc,metaspace] GC(4) Metaspace: 35782K(36096K)->35782K(36096K) NonClass: 31816K(32000K)->31816K(32000K) Class: 3966K(4096K)->3966K(4096K)
[2025-11-20T13:17:06.703+0000][gc          ] GC(4) Pause Young (Mixed) (Metadata GC Threshold) 44M->26M(1024M) 5.740ms
[2025-11-20T13:17:06.703+0000][gc,cpu      ] GC(4) User=0.01s Sys=0.01s Real=0.00s
[2025-11-20T13:17:06.712+0000][gc,start    ] GC(5) Pause Young (Concurrent Start) (Metadata GC Threshold)
[2025-11-20T13:17:06.712+0000][gc,task     ] GC(5) Using 4 workers of 4 for evacuation
[2025-11-20T13:17:06.716+0000][gc,phases   ] GC(5)   Pre Evacuate Collection Set: 0.2ms
[2025-11-20T13:17:06.716+0000][gc,phases   ] GC(5)   Merge Heap Roots: 0.0ms
[2025-11-20T13:17:06.716+0000][gc,phases   ] GC(5)   Evacuate Collection Set: 3.4ms
[2025-11-20T13:17:06.716+0000][gc,phases   ] GC(5)   Post Evacuate Collection Set: 0.3ms
[2025-11-20T13:17:06.716+0000][gc,phases   ] GC(5)   Other: 0.1ms
[2025-11-20T13:17:06.716+0000][gc,heap     ] GC(5) Eden regions: 1->0(47)
[2025-11-20T13:17:06.716+0000][gc,heap     ] GC(5) Survivor regions: 7->4(7)
[2025-11-20T13:17:06.716+0000][gc,heap     ] GC(5) Old regions: 11->14
[2025-11-20T13:17:06.716+0000][gc,heap     ] GC(5) Humongous regions: 9->9
[2025-11-20T13:17:06.716+0000][gc,metaspace] GC(5) Metaspace: 36058K(36416K)->36058K(36416K) NonClass: 32087K(32320K)->32087K(32320K) Class: 3970K(4096K)->3970K(4096K)
[2025-11-20T13:17:06.716+0000][gc          ] GC(5) Pause Young (Concurrent Start) (Metadata GC Threshold) 27M->25M(1024M) 4.209ms
[2025-11-20T13:17:06.716+0000][gc          ] GC(6) Concurrent Mark Cycle
[2025-11-20T13:17:06.716+0000][gc,marking  ] GC(6) Concurrent Scan Root Regions
[2025-11-20T13:17:06.716+0000][gc,cpu      ] GC(5) User=0.01s Sys=0.00s Real=0.01s
[2025-11-20T13:17:06.720+0000][gc,marking  ] GC(6) Concurrent Scan Root Regions 3.570ms
[2025-11-20T13:17:06.720+0000][gc,marking  ] GC(6) Concurrent Mark
[2025-11-20T13:17:06.720+0000][gc,marking  ] GC(6) Concurrent Mark From Roots
[2025-11-20T13:17:06.720+0000][gc,task     ] GC(6) Using 1 workers of 1 for marking
[2025-11-20T13:17:06.727+0000][gc,marking  ] GC(6) Concurrent Mark From Roots 7.393ms
[2025-11-20T13:17:06.727+0000][gc,marking  ] GC(6) Concurrent Preclean
[2025-11-20T13:17:06.727+0000][gc,marking  ] GC(6) Concurrent Preclean 0.052ms
[2025-11-20T13:17:06.727+0000][gc,start    ] GC(6) Pause Remark
[2025-11-20T13:17:06.729+0000][gc          ] GC(6) Pause Remark 27M->27M(1024M) 1.735ms
[2025-11-20T13:17:06.729+0000][gc,cpu      ] GC(6) User=0.00s Sys=0.00s Real=0.00s
[2025-11-20T13:17:06.729+0000][gc,marking  ] GC(6) Concurrent Mark 9.369ms
[2025-11-20T13:17:06.729+0000][gc,marking  ] GC(6) Concurrent Rebuild Remembered Sets and Scrub Regions
[2025-11-20T13:17:06.734+0000][gc,marking  ] GC(6) Concurrent Rebuild Remembered Sets and Scrub Regions 4.803ms
[2025-11-20T13:17:06.735+0000][gc,start    ] GC(6) Pause Cleanup
[2025-11-20T13:17:06.735+0000][gc          ] GC(6) Pause Cleanup 28M->28M(1024M) 0.244ms
[2025-11-20T13:17:06.735+0000][gc,cpu      ] GC(6) User=0.00s Sys=0.00s Real=0.00s
[2025-11-20T13:17:06.738+0000][gc,marking  ] GC(6) Concurrent Clear Claimed Marks
[2025-11-20T13:17:06.738+0000][gc,marking  ] GC(6) Concurrent Clear Claimed Marks 0.076ms
[2025-11-20T13:17:06.738+0000][gc,marking  ] GC(6) Concurrent Cleanup for Next Mark
[2025-11-20T13:17:06.740+0000][gc,marking  ] GC(6) Concurrent Cleanup for Next Mark 2.530ms
[2025-11-20T13:17:06.740+0000][gc          ] GC(6) Concurrent Mark Cycle 24.108ms
[2025-11-20T13:23:29.834+0000][gc,start    ] GC(7) Pause Young (Prepare Mixed) (G1 Evacuation Pause)
[2025-11-20T13:23:29.834+0000][gc,task     ] GC(7) Using 4 workers of 4 for evacuation
[2025-11-20T13:23:29.837+0000][gc,phases   ] GC(7)   Pre Evacuate Collection Set: 0.2ms
[2025-11-20T13:23:29.837+0000][gc,phases   ] GC(7)   Merge Heap Roots: 0.1ms
[2025-11-20T13:23:29.837+0000][gc,phases   ] GC(7)   Evacuate Collection Set: 2.6ms
[2025-11-20T13:23:29.837+0000][gc,phases   ] GC(7)   Post Evacuate Collection Set: 0.5ms
[2025-11-20T13:23:29.837+0000][gc,phases   ] GC(7)   Other: 0.0ms
[2025-11-20T13:23:29.837+0000][gc,heap     ] GC(7) Eden regions: 47->0(45)
[2025-11-20T13:23:29.837+0000][gc,heap     ] GC(7) Survivor regions: 4->6(7)
[2025-11-20T13:23:29.837+0000][gc,heap     ] GC(7) Old regions: 14->14
[2025-11-20T13:23:29.837+0000][gc,heap     ] GC(7) Humongous regions: 138->138
[2025-11-20T13:23:29.837+0000][gc,metaspace] GC(7) Metaspace: 41250K(41792K)->41250K(41792K) NonClass: 36638K(36928K)->36638K(36928K) Class: 4611K(4864K)->4611K(4864K)
[2025-11-20T13:23:29.837+0000][gc          ] GC(7) Pause Young (Prepare Mixed) (G1 Evacuation Pause) 201M->156M(1024M) 3.475ms
[2025-11-20T13:23:29.837+0000][gc,cpu      ] GC(7) User=0.01s Sys=0.00s Real=0.00s
[2025-11-20T13:33:58.341+0000][gc,start    ] GC(8) Pause Young (Mixed) (G1 Evacuation Pause)
[2025-11-20T13:33:58.341+0000][gc,task     ] GC(8) Using 4 workers of 4 for evacuation
[2025-11-20T13:33:58.346+0000][gc,phases   ] GC(8)   Pre Evacuate Collection Set: 0.2ms
[2025-11-20T13:33:58.346+0000][gc,phases   ] GC(8)   Merge Heap Roots: 0.1ms
[2025-11-20T13:33:58.346+0000][gc,phases   ] GC(8)   Evacuate Collection Set: 3.8ms
[2025-11-20T13:33:58.346+0000][gc,phases   ] GC(8)   Post Evacuate Collection Set: 0.6ms
[2025-11-20T13:33:58.346+0000][gc,phases   ] GC(8)   Other: 0.1ms
[2025-11-20T13:33:58.346+0000][gc,heap     ] GC(8) Eden regions: 45->0(47)
[2025-11-20T13:33:58.346+0000][gc,heap     ] GC(8) Survivor regions: 6->4(7)
[2025-11-20T13:33:58.346+0000][gc,heap     ] GC(8) Old regions: 14->16
[2025-11-20T13:33:58.346+0000][gc,heap     ] GC(8) Humongous regions: 138->138
[2025-11-20T13:33:58.346+0000][gc,metaspace] GC(8) Metaspace: 41649K(42176K)->41649K(42176K) NonClass: 37034K(37312K)->37034K(37312K) Class: 4614K(4864K)->4614K(4864K)
[2025-11-20T13:33:58.346+0000][gc          ] GC(8) Pause Young (Mixed) (G1 Evacuation Pause) 201M->157M(1024M) 4.911ms
[2025-11-20T13:33:58.346+0000][gc,cpu      ] GC(8) User=0.01s Sys=0.00s Real=0.01s
[2025-11-20T13:45:32.217+0000][gc,start    ] GC(9) Pause Young (Normal) (G1 Evacuation Pause)
[2025-11-20T13:45:32.217+0000][gc,task     ] GC(9) Using 4 workers of 4 for evacuation
[2025-11-20T13:45:32.220+0000][gc,phases   ] GC(9)   Pre Evacuate Collection Set: 0.3ms
[2025-11-20T13:45:32.220+0000][gc,phases   ] GC(9)   Merge Heap Roots: 0.1ms
[2025-11-20T13:45:32.220+0000][gc,phases   ] GC(9)   Evacuate Collection Set: 2.1ms
[2025-11-20T13:45:32.220+0000][gc,phases   ] GC(9)   Post Evacuate Collection Set: 0.3ms
[2025-11-20T13:45:32.220+0000][gc,phases   ] GC(9)   Other: 0.1ms
[2025-11-20T13:45:32.220+0000][gc,heap     ] GC(9) Eden regions: 47->0(46)
[2025-11-20T13:45:32.220+0000][gc,heap     ] GC(9) Survivor regions: 4->5(7)
[2025-11-20T13:45:32.220+0000][gc,heap     ] GC(9) Old regions: 16->16
[2025-11-20T13:45:32.220+0000][gc,heap     ] GC(9) Humongous regions: 138->138
[2025-11-20T13:45:32.220+0000][gc,metaspace] GC(9) Metaspace: 41787K(42304K)->41787K(42304K) NonClass: 37171K(37440K)->37171K(37440K) Class: 4615K(4864K)->4615K(4864K)
[2025-11-20T13:45:32.220+0000][gc          ] GC(9) Pause Young (Normal) (G1 Evacuation Pause) 204M->158M(1024M) 2.940ms
[2025-11-20T13:45:32.220+0000][gc,cpu      ] GC(9) User=0.01s Sys=0.00s Real=0.00s
[2025-11-20T13:57:21.224+0000][gc,start    ] GC(10) Pause Young (Normal) (G1 Evacuation Pause)
[2025-11-20T13:57:21.224+0000][gc,task     ] GC(10) Using 4 workers of 4 for evacuation
[2025-11-20T13:57:21.228+0000][gc,phases   ] GC(10)   Pre Evacuate Collection Set: 0.3ms
[2025-11-20T13:57:21.228+0000][gc,phases   ] GC(10)   Merge Heap Roots: 0.1ms
[2025-11-20T13:57:21.228+0000][gc,phases   ] GC(10)   Evacuate Collection Set: 3.0ms
[2025-11-20T13:57:21.228+0000][gc,phases   ] GC(10)   Post Evacuate Collection Set: 0.4ms
[2025-11-20T13:57:21.228+0000][gc,phases   ] GC(10)   Other: 0.0ms
[2025-11-20T13:57:21.228+0000][gc,heap     ] GC(10) Eden regions: 46->0(48)
[2025-11-20T13:57:21.228+0000][gc,heap     ] GC(10) Survivor regions: 5->3(7)
[2025-11-20T13:57:21.228+0000][gc,heap     ] GC(10) Old regions: 16->19
[2025-11-20T13:57:21.228+0000][gc,heap     ] GC(10) Humongous regions: 138->138
[2025-11-20T13:57:21.228+0000][gc,metaspace] GC(10) Metaspace: 41840K(42368K)->41840K(42368K) NonClass: 37225K(37504K)->37225K(37504K) Class: 4615K(4864K)->4615K(4864K)
[2025-11-20T13:57:21.228+0000][gc          ] GC(10) Pause Young (Normal) (G1 Evacuation Pause) 204M->159M(1024M) 3.897ms
[2025-11-20T13:57:21.228+0000][gc,cpu      ] GC(10) User=0.01s Sys=0.00s Real=0.00s
[2025-11-20T14:09:54.963+0000][gc,start    ] GC(11) Pause Young (Normal) (G1 Evacuation Pause)
[2025-11-20T14:09:54.963+0000][gc,task     ] GC(11) Using 4 workers of 4 for evacuation
[2025-11-20T14:09:54.967+0000][gc,phases   ] GC(11)   Pre Evacuate Collection Set: 0.2ms
[2025-11-20T14:09:54.967+0000][gc,phases   ] GC(11)   Merge Heap Roots: 0.1ms
[2025-11-20T14:09:54.967+0000][gc,phases   ] GC(11)   Evacuate Collection Set: 3.6ms
[2025-11-20T14:09:54.967+0000][gc,phases   ] GC(11)   Post Evacuate Collection Set: 0.3ms
[2025-11-20T14:09:54.967+0000][gc,phases   ] GC(11)   Other: 0.0ms
[2025-11-20T14:09:54.967+0000][gc,heap     ] GC(11) Eden regions: 48->0(47)
[2025-11-20T14:09:54.967+0000][gc,heap     ] GC(11) Survivor regions: 3->4(7)
[2025-11-20T14:09:54.967+0000][gc,heap     ] GC(11) Old regions: 19->19
[2025-11-20T14:09:54.967+0000][gc,heap     ] GC(11) Humongous regions: 138->138
[2025-11-20T14:09:54.967+0000][gc,metaspace] GC(11) Metaspace: 41875K(42432K)->41875K(42432K) NonClass: 37259K(37568K)->37259K(37568K) Class: 4616K(4864K)->4616K(4864K)
[2025-11-20T14:09:54.967+0000][gc          ] GC(11) Pause Young (Normal) (G1 Evacuation Pause) 207M->160M(1024M) 4.387ms
[2025-11-20T14:09:54.967+0000][gc,cpu      ] GC(11) User=0.01s Sys=0.00s Real=0.01s
[2025-11-20T14:22:01.545+0000][gc,start    ] GC(12) Pause Young (Normal) (G1 Evacuation Pause)
[2025-11-20T14:22:01.545+0000][gc,task     ] GC(12) Using 4 workers of 4 for evacuation
[2025-11-20T14:22:01.552+0000][gc,phases   ] GC(12)   Pre Evacuate Collection Set: 1.5ms
[2025-11-20T14:22:01.552+0000][gc,phases   ] GC(12)   Merge Heap Roots: 0.1ms
[2025-11-20T14:22:01.552+0000][gc,phases   ] GC(12)   Evacuate Collection Set: 4.9ms
[2025-11-20T14:22:01.552+0000][gc,phases   ] GC(12)   Post Evacuate Collection Set: 0.4ms
[2025-11-20T14:22:01.552+0000][gc,phases   ] GC(12)   Other: 0.1ms
[2025-11-20T14:22:01.552+0000][gc,heap     ] GC(12) Eden regions: 47->0(46)
[2025-11-20T14:22:01.552+0000][gc,heap     ] GC(12) Survivor regions: 4->5(7)
[2025-11-20T14:22:01.552+0000][gc,heap     ] GC(12) Old regions: 19->20
[2025-11-20T14:22:01.552+0000][gc,heap     ] GC(12) Humongous regions: 147->147
[2025-11-20T14:22:01.552+0000][gc,metaspace] GC(12) Metaspace: 42110K(42624K)->42110K(42624K) NonClass: 37460K(37760K)->37460K(37760K) Class: 4650K(4864K)->4650K(4864K)
[2025-11-20T14:22:01.552+0000][gc          ] GC(12) Pause Young (Normal) (G1 Evacuation Pause) 216M->171M(1024M) 7.402ms
[2025-11-20T14:22:01.552+0000][gc,cpu      ] GC(12) User=0.02s Sys=0.00s Real=0.00s
