[2025-11-20T13:50:18.040+0000][gc,init] CardTable entry size: 512
[2025-11-20T13:50:18.040+0000][gc     ] Using G1
[2025-11-20T13:50:18.046+0000][gc,init] Version: 21.0.8+9-Ubuntu-0ubuntu124.04.1 (release)
[2025-11-20T13:50:18.046+0000][gc,init] CPUs: 128 total, 4 available
[2025-11-20T13:50:18.046+0000][gc,init] Memory: 7893M
[2025-11-20T13:50:18.046+0000][gc,init] Large Page Support: Disabled
[2025-11-20T13:50:18.046+0000][gc,init] NUMA Support: Disabled
[2025-11-20T13:50:18.046+0000][gc,init] Compressed Oops: Enabled (32-bit)
[2025-11-20T13:50:18.046+0000][gc,init] Heap Region Size: 1M
[2025-11-20T13:50:18.046+0000][gc,init] Heap Min Capacity: 1G
[2025-11-20T13:50:18.046+0000][gc,init] Heap Initial Capacity: 1G
[2025-11-20T13:50:18.046+0000][gc,init] Heap Max Capacity: 1G
[2025-11-20T13:50:18.046+0000][gc,init] Pre-touch: Disabled
[2025-11-20T13:50:18.046+0000][gc,init] Parallel Workers: 4
[2025-11-20T13:50:18.046+0000][gc,init] Concurrent Workers: 1
[2025-11-20T13:50:18.046+0000][gc,init] Concurrent Refinement Workers: 4
[2025-11-20T13:50:18.046+0000][gc,init] Periodic GC: Disabled
[2025-11-20T13:50:18.052+0000][gc,metaspace] CDS archive(s) mapped at: [0x00007176ab000000-0x00007176abca0000-0x00007176abca0000), size 13238272, SharedBaseAddress: 0x00007176ab000000, ArchiveRelocationMode: 1.
[2025-11-20T13:50:18.052+0000][gc,metaspace] Compressed class space mapped at: 0x00007176ac000000-0x00007176ec000000, reserved size: 1073741824
[2025-11-20T13:50:18.052+0000][gc,metaspace] Narrow klass base: 0x00007176ab000000, Narrow klass shift: 0, Narrow klass range: 0x100000000
[2025-11-20T13:50:18.899+0000][gc,start    ] GC(0) Pause Young (Normal) (G1 Evacuation Pause)
[2025-11-20T13:50:18.899+0000][gc,task     ] GC(0) Using 4 workers of 4 for evacuation
[2025-11-20T13:50:18.910+0000][gc,phases   ] GC(0)   Pre Evacuate Collection Set: 0.2ms
[2025-11-20T13:50:18.910+0000][gc,phases   ] GC(0)   Merge Heap Roots: 0.1ms
[2025-11-20T13:50:18.910+0000][gc,phases   ] GC(0)   Evacuate Collection Set: 9.8ms
[2025-11-20T13:50:18.910+0000][gc,phases   ] GC(0)   Post Evacuate Collection Set: 0.6ms
[2025-11-20T13:50:18.910+0000][gc,phases   ] GC(0)   Other: 0.4ms
[2025-11-20T13:50:18.910+0000][gc,heap     ] GC(0) Eden regions: 51->0(44)
[2025-11-20T13:50:18.910+0000][gc,heap     ] GC(0) Survivor regions: 0->7(7)
[2025-11-20T13:50:18.910+0000][gc,heap     ] GC(0) Old regions: 2->4
[2025-11-20T13:50:18.910+0000][gc,heap     ] GC(0) Humongous regions: 0->0
[2025-11-20T13:50:18.910+0000][gc,metaspace] GC(0) Metaspace: 17642K(17856K)->17642K(17856K) NonClass: 15662K(15744K)->15662K(15744K) Class: 1980K(2112K)->1980K(2112K)
[2025-11-20T13:50:18.910+0000][gc          ] GC(0) Pause Young (Normal) (G1 Evacuation Pause) 52M->9M(1024M) 11.319ms
[2025-11-20T13:50:18.910+0000][gc,cpu      ] GC(0) User=0.01s Sys=0.01s Real=0.01s
[2025-11-20T13:50:19.015+0000][gc,start    ] GC(1) Pause Young (Concurrent Start) (Metadata GC Threshold)
[2025-11-20T13:50:19.015+0000][gc,task     ] GC(1) Using 4 workers of 4 for evacuation
[2025-11-20T13:50:19.021+0000][gc,phases   ] GC(1)   Pre Evacuate Collection Set: 0.2ms
[2025-11-20T13:50:19.021+0000][gc,phases   ] GC(1)   Merge Heap Roots: 0.0ms
[2025-11-20T13:50:19.021+0000][gc,phases   ] GC(1)   Evacuate Collection Set: 5.9ms
[2025-11-20T13:50:19.021+0000][gc,phases   ] GC(1)   Post Evacuate Collection Set: 0.4ms
[2025-11-20T13:50:19.021+0000][gc,phases   ] GC(1)   Other: 0.1ms
[2025-11-20T13:50:19.021+0000][gc,heap     ] GC(1) Eden regions: 12->0(50)
[2025-11-20T13:50:19.021+0000][gc,heap     ] GC(1) Survivor regions: 7->1(7)
[2025-11-20T13:50:19.021+0000][gc,heap     ] GC(1) Old regions: 4->11
[2025-11-20T13:50:19.021+0000][gc,heap     ] GC(1) Humongous regions: 0->0
[2025-11-20T13:50:19.021+0000][gc,metaspace] GC(1) Metaspace: 21286K(21504K)->21286K(21504K) NonClass: 19026K(19136K)->19026K(19136K) Class: 2260K(2368K)->2260K(2368K)
[2025-11-20T13:50:19.021+0000][gc          ] GC(1) Pause Young (Concurrent Start) (Metadata GC Threshold) 21M->10M(1024M) 6.658ms
[2025-11-20T13:50:19.021+0000][gc,cpu      ] GC(1) User=0.01s Sys=0.01s Real=0.00s
[2025-11-20T13:50:19.021+0000][gc          ] GC(2) Concurrent Mark Cycle
[2025-11-20T13:50:19.021+0000][gc,marking  ] GC(2) Concurrent Scan Root Regions
[2025-11-20T13:50:19.024+0000][gc,marking  ] GC(2) Concurrent Scan Root Regions 2.701ms
[2025-11-20T13:50:19.024+0000][gc,marking  ] GC(2) Concurrent Mark
[2025-11-20T13:50:19.024+0000][gc,marking  ] GC(2) Concurrent Mark From Roots
[2025-11-20T13:50:19.024+0000][gc,task     ] GC(2) Using 1 workers of 1 for marking
[2025-11-20T13:50:19.027+0000][gc,marking  ] GC(2) Concurrent Mark From Roots 2.589ms
[2025-11-20T13:50:19.027+0000][gc,marking  ] GC(2) Concurrent Preclean
[2025-11-20T13:50:19.027+0000][gc,marking  ] GC(2) Concurrent Preclean 0.006ms
[2025-11-20T13:50:19.027+0000][gc,start    ] GC(2) Pause Remark
[2025-11-20T13:50:19.030+0000][gc          ] GC(2) Pause Remark 11M->11M(1024M) 2.770ms
[2025-11-20T13:50:19.030+0000][gc,cpu      ] GC(2) User=0.00s Sys=0.00s Real=0.00s
[2025-11-20T13:50:19.030+0000][gc,marking  ] GC(2) Concurrent Mark 6.102ms
[2025-11-20T13:50:19.030+0000][gc,marking  ] GC(2) Concurrent Rebuild Remembered Sets and Scrub Regions
[2025-11-20T13:50:19.036+0000][gc,marking  ] GC(2) Concurrent Rebuild Remembered Sets and Scrub Regions 5.330ms
[2025-11-20T13:50:19.036+0000][gc,start    ] GC(2) Pause Cleanup
[2025-11-20T13:50:19.036+0000][gc          ] GC(2) Pause Cleanup 11M->11M(1024M) 0.226ms
[2025-11-20T13:50:19.036+0000][gc,cpu      ] GC(2) User=0.00s Sys=0.00s Real=0.00s
[2025-11-20T13:50:19.036+0000][gc,marking  ] GC(2) Concurrent Clear Claimed Marks
[2025-11-20T13:50:19.036+0000][gc,marking  ] GC(2) Concurrent Clear Claimed Marks 0.031ms
[2025-11-20T13:50:19.036+0000][gc,marking  ] GC(2) Concurrent Cleanup for Next Mark
[2025-11-20T13:50:19.050+0000][gc,marking  ] GC(2) Concurrent Cleanup for Next Mark 13.832ms
[2025-11-20T13:50:19.050+0000][gc          ] GC(2) Concurrent Mark Cycle 28.594ms
[2025-11-20T13:50:19.603+0000][gc,start    ] GC(3) Pause Young (Prepare Mixed) (G1 Evacuation Pause)
[2025-11-20T13:50:19.603+0000][gc,task     ] GC(3) Using 4 workers of 4 for evacuation
[2025-11-20T13:50:19.609+0000][gc,phases   ] GC(3)   Pre Evacuate Collection Set: 0.2ms
[2025-11-20T13:50:19.609+0000][gc,phases   ] GC(3)   Merge Heap Roots: 0.0ms
[2025-11-20T13:50:19.609+0000][gc,phases   ] GC(3)   Evacuate Collection Set: 4.8ms
[2025-11-20T13:50:19.609+0000][gc,phases   ] GC(3)   Post Evacuate Collection Set: 0.6ms
[2025-11-20T13:50:19.609+0000][gc,phases   ] GC(3)   Other: 0.0ms
[2025-11-20T13:50:19.609+0000][gc,heap     ] GC(3) Eden regions: 50->0(46)
[2025-11-20T13:50:19.609+0000][gc,heap     ] GC(3) Survivor regions: 1->5(7)
[2025-11-20T13:50:19.609+0000][gc,heap     ] GC(3) Old regions: 11->11
[2025-11-20T13:50:19.609+0000][gc,heap     ] GC(3) Humongous regions: 9->9
[2025-11-20T13:50:19.609+0000][gc,metaspace] GC(3) Metaspace: 32058K(32384K)->32058K(32384K) NonClass: 28516K(28672K)->28516K(28672K) Class: 3542K(3712K)->3542K(3712K)
[2025-11-20T13:50:19.609+0000][gc          ] GC(3) Pause Young (Prepare Mixed) (G1 Evacuation Pause) 69M->23M(1024M) 5.807ms
[2025-11-20T13:50:19.609+0000][gc,cpu      ] GC(3) User=0.01s Sys=0.01s Real=0.01s
[2025-11-20T13:50:19.681+0000][gc,heap,exit] Heap
[2025-11-20T13:50:19.681+0000][gc,heap,exit]  garbage-first heap   total 1048576K, used 31973K [0x00000000c0000000, 0x0000000100000000)
[2025-11-20T13:50:19.681+0000][gc,heap,exit]   region size 1024K, 13 young (13312K), 5 survivors (5120K)
[2025-11-20T13:50:19.681+0000][gc,heap,exit]  Metaspace       used 32822K, committed 33152K, reserved 1114112K
[2025-11-20T13:50:19.681+0000][gc,heap,exit]   class space    used 3642K, committed 3776K, reserved 1048576K
