[2025-11-20T13:15:36.464+0000][gc,init] CardTable entry size: 512
[2025-11-20T13:15:36.464+0000][gc     ] Using G1
[2025-11-20T13:15:36.470+0000][gc,init] Version: 21.0.8+9-Ubuntu-0ubuntu124.04.1 (release)
[2025-11-20T13:15:36.470+0000][gc,init] CPUs: 128 total, 4 available
[2025-11-20T13:15:36.470+0000][gc,init] Memory: 7893M
[2025-11-20T13:15:36.470+0000][gc,init] Large Page Support: Disabled
[2025-11-20T13:15:36.470+0000][gc,init] NUMA Support: Disabled
[2025-11-20T13:15:36.470+0000][gc,init] Compressed Oops: Enabled (32-bit)
[2025-11-20T13:15:36.470+0000][gc,init] Heap Region Size: 1M
[2025-11-20T13:15:36.470+0000][gc,init] Heap Min Capacity: 1G
[2025-11-20T13:15:36.470+0000][gc,init] Heap Initial Capacity: 1G
[2025-11-20T13:15:36.470+0000][gc,init] Heap Max Capacity: 1G
[2025-11-20T13:15:36.470+0000][gc,init] Pre-touch: Disabled
[2025-11-20T13:15:36.470+0000][gc,init] Parallel Workers: 4
[2025-11-20T13:15:36.470+0000][gc,init] Concurrent Workers: 1
[2025-11-20T13:15:36.470+0000][gc,init] Concurrent Refinement Workers: 4
[2025-11-20T13:15:36.470+0000][gc,init] Periodic GC: Disabled
[2025-11-20T13:15:36.474+0000][gc,metaspace] CDS archive(s) mapped at: [0x000072e86f000000-0x000072e86fca0000-0x000072e86fca0000), size 13238272, SharedBaseAddress: 0x000072e86f000000, ArchiveRelocationMode: 1.
[2025-11-20T13:15:36.474+0000][gc,metaspace] Compressed class space mapped at: 0x000072e870000000-0x000072e8b0000000, reserved size: 1073741824
[2025-11-20T13:15:36.474+0000][gc,metaspace] Narrow klass base: 0x000072e86f000000, Narrow klass shift: 0, Narrow klass range: 0x100000000
[2025-11-20T13:15:37.041+0000][gc,heap,exit] Heap
[2025-11-20T13:15:37.041+0000][gc,heap,exit]  garbage-first heap   total 1048576K, used 43570K [0x00000000c0000000, 0x0000000100000000)
[2025-11-20T13:15:37.041+0000][gc,heap,exit]   region size 1024K, 42 young (43008K), 0 survivors (0K)
[2025-11-20T13:15:37.041+0000][gc,heap,exit]  Metaspace       used 14193K, committed 14464K, reserved 1114112K
[2025-11-20T13:15:37.041+0000][gc,heap,exit]   class space    used 1708K, committed 1856K, reserved 1048576K
